// Jest Snapshot v1, https://goo.gl/fbAQLP

exports[`Nunjucks \`imageSize()\` should error on unknown image 1`] = `
"(unknown path)
  Error: [imageSize] image \`/nope.jpg\` did not match any image data"
`;

exports[`Nunjucks \`imageSize()\` should get image size 1`] = `
"
      
      <img src='/assets/images/test.jpg' width='100' height='150'>
    "
`;

exports[`Nunjucks \`imageSize()\` should print srcset 1`] = `
"
      
      <img src='/assets/images/test.jpg'
        srcset=''
      >

      
      <img src='/assets/images/set.jpg'
        srcset='/assets/images/set.jpg 2000w, /assets/images/set@500.jpg 500w, /assets/images/set@1000.jpg 1000w'
      >
    "
`;
